
> shop-temp@0.1.0 build
> next build

   Γû▓ Next.js 15.5.12
   - Environments: .env

   Creating an optimized production build ...
 Γ£ô Compiled successfully in 5.3s
   Linting and checking validity of types ...

./src/app/error.tsx
8:10  Warning: '_error' is defined but never used.  @typescript-eslint/no-unused-vars

./src/app/product/[id]/page.tsx
26:34  Warning: '_variantsError' is assigned a value but never used.  @typescript-eslint/no-unused-vars

info  - Need to disable some ESLint rules? Learn more here: https://nextjs.org/docs/app/api-reference/config/eslint#disabling-rules
   Collecting page data ...
node.exe : (node:2496) [DEP0040] DeprecationWarning: The `punycode` module is deprecated. Please use a userland alternative instead.
At C:\Program Files\nodejs\npm.ps1:29 char:3
+   & $NODE_EXE $NPM_CLI_JS $args
+   ~~~~~~~~~~~~~~~~~~~~~~~~~~~~~
    + CategoryInfo          : NotSpecified: ((node:2496) [DE...native instead.:String) [], RemoteException
    + FullyQualifiedErrorId : NativeCommandError
 
(Use `node --trace-deprecation ...` to show where the warning was created)
(node:10176) [DEP0040] DeprecationWarning: The `punycode` module is deprecated. Please use a userland alternative instead.
(Use `node --trace-deprecation ...` to show where the warning was created)
(node:9680) [DEP0040] DeprecationWarning: The `punycode` module is deprecated. Please use a userland alternative instead.
(Use `node --trace-deprecation ...` to show where the warning was created)
(node:30016) [DEP0040] DeprecationWarning: The `punycode` module is deprecated. Please use a userland alternative instead.
(Use `node --trace-deprecation ...` to show where the warning was created)
(node:428) [DEP0040] DeprecationWarning: The `punycode` module is deprecated. Please use a userland alternative instead.
(Use `node --trace-deprecation ...` to show where the warning was created)
(node:32644) [DEP0040] DeprecationWarning: The `punycode` module is deprecated. Please use a userland alternative instead.
(Use `node --trace-deprecation ...` to show where the warning was created)
(node:14828) [DEP0040] DeprecationWarning: The `punycode` module is deprecated. Please use a userland alternative instead.
(Use `node --trace-deprecation ...` to show where the warning was created)
(node:14944) [DEP0040] DeprecationWarning: The `punycode` module is deprecated. Please use a userland alternative instead.
(Use `node --trace-deprecation ...` to show where the warning was created)
(node:26980) [DEP0040] DeprecationWarning: The `punycode` module is deprecated. Please use a userland alternative instead.
(Use `node --trace-deprecation ...` to show where the warning was created)
   Generating static pages (0/10) ...
(node:33360) [DEP0040] DeprecationWarning: The `punycode` module is deprecated. Please use a userland alternative instead.
(Use `node --trace-deprecation ...` to show where the warning was created)
   Generating static pages (2/10) 
   Generating static pages (4/10) 
   Generating static pages (7/10) 
 Γ£ô Generating static pages (10/10)
   Finalizing page optimization ...
   Collecting build traces ...

Route (app)                                 Size  First Load JS
Γöî Γùï /                                      165 B         106 kB
Γö£ Γùï /_not-found                            131 B         102 kB
Γö£ ╞Æ /admin                                 186 B         152 kB
Γö£ ╞Æ /admin/orders                          186 B         152 kB
Γö£ ╞Æ /admin/orders/[id]                   1.32 kB         175 kB
Γö£ ╞Æ /admin/products                        186 B         152 kB
Γö£ ╞Æ /admin/products/new                  4.28 kB         178 kB
Γö£ ╞Æ /api/auth                              131 B         102 kB
Γö£ ╞Æ /dashboard                             186 B         152 kB
Γöö ╞Æ /product/[id]                         2.6 kB         105 kB
+ First Load JS shared by all             102 kB
  Γö£ chunks/255-ebd51be49873d76c.js         46 kB
  Γö£ chunks/4bd1b696-c023c6e3521b1417.js  54.2 kB
  Γöö other shared chunks (total)             2 kB


╞Æ Middleware                             34.7 kB

Γùï  (Static)   prerendered as static content
╞Æ  (Dynamic)  server-rendered on demand

